mongo connected
[2026-07-29T23:11:48.654Z] fetching bazaar...
stored 1939 price points
scheduler running every 5 min
[2026-07-29T23:15:00.385Z] fetching bazaar...
stored 1939 price points
[2026-07-29T23:20:00.332Z] fetching bazaar...
stored 1939 price points
[2026-07-29T23:20:00.733Z] fetching bazaar...
stored 1939 price points
[2026-07-29T23:25:00.277Z] fetching bazaar...
stored 1939 price points
[2026-07-29T23:30:00.333Z] fetching bazaar...
stored 1939 price points
[2026-07-29T23:35:00.191Z] fetching bazaar...
stored 1939 price points
[2026-07-29T23:40:00.427Z] fetching bazaar...
stored 1939 price points
[2026-07-29T23:45:00.418Z] fetching bazaar...
stored 1939 price points
[2026-07-29T23:50:00.502Z] fetching bazaar...
stored 1939 price points
[2026-07-30T00:20:00.541Z] fetching bazaar...
stored 1939 price points
[2026-07-30T00:25:00.882Z] fetching bazaar...
stored 1939 price points
[2026-07-30T00:30:00.989Z] fetching bazaar...
stored 1939 price points
[2026-07-30T00:35:00.998Z] fetching bazaar...
stored 1939 price points
[2026-07-30T00:40:00.997Z] fetching bazaar...
stored 1939 price points
[2026-07-30T00:45:00.155Z] fetching bazaar...
stored 1939 price points
[2026-07-30T03:00:00.888Z] fetching bazaar...
stored 1939 price points
[2026-07-30T12:10:00.443Z] fetching bazaar...
stored 1939 price points
[2026-07-30T12:15:00.461Z] fetching bazaar...
stored 1939 price points
[2026-07-30T12:20:00.568Z] fetching bazaar...
stored 1939 price points
[2026-07-30T12:25:01.031Z] fetching bazaar...
stored 1939 price points
[2026-07-30T12:30:00.776Z] fetching bazaar...
stored 1939 price points
[2026-07-30T12:35:00.937Z] fetching bazaar...
stored 1939 price points
[2026-07-30T12:40:00.891Z] fetching bazaar...
stored 1939 price points
[2026-07-30T12:45:00.198Z] fetching bazaar...
stored 1939 price points
[2026-07-30T12:50:00.938Z] fetching bazaar...
stored 1939 price points
[2026-07-30T12:55:00.910Z] fetching bazaar...
stored 1939 price points
[2026-07-30T13:00:00.998Z] fetching bazaar...
stored 1939 price points
[2026-07-30T13:05:00.867Z] fetching bazaar...
stored 1939 price points
[2026-07-30T13:20:00.858Z] fetching bazaar...
stored 1939 price points
[2026-07-30T13:30:00.992Z] fetching bazaar...
stored 1939 price points
[2026-07-30T13:35:00.012Z] fetching bazaar...
stored 1939 price points
[2026-07-30T13:40:00.203Z] fetching bazaar...
stored 1939 price points
[2026-07-30T13:45:00.698Z] fetching bazaar...
stored 1939 price points
[2026-07-30T14:15:00.271Z] fetching bazaar...
stored 1939 price points
[2026-07-30T14:25:00.623Z] fetching bazaar...
stored 1939 price points
[2026-07-30T14:30:00.802Z] fetching bazaar...
stored 1939 price points
[2026-07-30T14:40:00.495Z] fetching bazaar...
stored 1939 price points
[2026-07-30T14:45:00.674Z] fetching bazaar...
stored 1939 price points
[2026-07-30T14:50:00.633Z] fetching bazaar...
stored 1939 price points
[2026-07-30T15:00:01.197Z] fetching bazaar...
stored 1939 price points
[2026-07-30T15:05:00.279Z] fetching bazaar...
stored 1939 price points
[2026-07-30T15:10:00.481Z] fetching bazaar...
stored 1939 price points
[2026-07-30T15:15:00.391Z] fetching bazaar...
stored 1939 price points
[2026-07-30T15:20:00.250Z] fetching bazaar...
stored 1939 price points
[2026-07-30T18:35:00.681Z] fetching bazaar...
stored 1939 price points
[2026-07-30T18:40:00.363Z] fetching bazaar...
stored 1939 price points
[2026-07-30T18:45:00.395Z] fetching bazaar...
stored 1939 price points
[2026-07-30T18:50:00.232Z] fetching bazaar...
stored 1939 price points
[2026-07-30T18:55:00.968Z] fetching bazaar...
stored 1939 price points
[2026-07-30T19:00:00.822Z] fetching bazaar...
stored 1939 price points
[2026-07-30T19:05:00.689Z] fetching bazaar...
stored 1939 price points
[2026-07-30T19:10:00.622Z] fetching bazaar...
stored 1939 price points
[2026-07-30T19:15:00.463Z] fetching bazaar...
stored 1939 price points
[2026-07-30T19:20:00.272Z] fetching bazaar...
stored 1939 price points
[2026-07-30T19:25:00.148Z] fetching bazaar...
stored 1939 price points
[2026-07-30T19:35:00.742Z] fetching bazaar...
stored 1939 price points
[2026-07-30T19:40:00.839Z] fetching bazaar...
stored 1939 price points
[2026-07-30T19:45:00.803Z] fetching bazaar...
stored 1939 price points
[2026-07-30T19:50:00.772Z] fetching bazaar...
stored 1939 price points
[2026-07-30T19:55:00.595Z] fetching bazaar...
stored 1939 price points
[2026-07-30T20:00:00.443Z] fetching bazaar...
stored 1939 price points
[2026-07-30T20:05:00.345Z] fetching bazaar...
stored 1939 price points
[2026-07-30T20:10:00.253Z] fetching bazaar...
stored 1939 price points
[2026-07-30T20:15:00.235Z] fetching bazaar...
stored 1939 price points
[2026-07-30T20:20:00.092Z] fetching bazaar...
stored 1939 price points
[2026-07-30T20:25:00.991Z] fetching bazaar...
stored 1939 price points
[2026-07-30T20:30:00.701Z] fetching bazaar...
stored 1939 price points
[2026-07-30T20:35:00.476Z] fetching bazaar...
stored 1939 price points
[2026-07-30T20:40:00.305Z] fetching bazaar...
stored 1939 price points
[2026-07-30T20:45:00.494Z] fetching bazaar...
stored 1939 price points
[2026-07-30T21:40:00.124Z] fetching bazaar...
stored 1939 price points
[2026-07-30T21:45:00.175Z] fetching bazaar...
stored 1939 price points
[2026-07-30T21:50:00.907Z] fetching bazaar...
stored 1939 price points
[2026-07-30T21:55:00.668Z] fetching bazaar...
stored 1939 price points
[2026-07-30T22:00:00.764Z] fetching bazaar...
stored 1939 price points
[2026-07-30T22:05:00.712Z] fetching bazaar...
stored 1939 price points
[2026-07-30T22:10:00.875Z] fetching bazaar...
stored 1939 price points
[2026-07-30T22:35:00.616Z] fetching bazaar...
stored 1939 price points
[2026-07-30T22:40:00.665Z] fetching bazaar...
stored 1939 price points
[2026-07-30T22:45:00.370Z] fetching bazaar...
stored 1939 price points
[2026-07-30T22:50:00.643Z] fetching bazaar...
stored 1939 price points
[2026-07-30T22:55:00.973Z] fetching bazaar...
stored 1939 price points
[2026-07-30T23:05:00.255Z] fetching bazaar...
stored 1939 price points
[2026-07-30T23:10:00.451Z] fetching bazaar...
stored 1939 price points
[2026-07-30T23:15:00.540Z] fetching bazaar...
stored 1939 price points
[2026-07-30T23:20:00.691Z] fetching bazaar...
stored 1939 price points
[2026-07-30T23:25:00.812Z] fetching bazaar...
stored 1939 price points
[2026-07-30T23:30:00.233Z] fetching bazaar...
stored 1939 price points
[2026-07-30T23:35:00.932Z] fetching bazaar...
stored 1939 price points
[2026-07-30T23:40:00.194Z] fetching bazaar...
stored 1939 price points
[2026-07-30T23:45:00.292Z] fetching bazaar...
stored 1939 price points
[2026-07-31T00:10:00.980Z] fetching bazaar...
stored 1939 price points
[2026-07-31T00:15:00.966Z] fetching bazaar...
stored 1939 price points
[2026-07-31T00:20:00.218Z] fetching bazaar...
stored 1939 price points
[2026-07-31T00:25:00.332Z] fetching bazaar...
stored 1939 price points
[2026-07-31T13:40:00.705Z] fetching bazaar...
stored 1939 price points
[2026-07-31T13:50:00.750Z] fetching bazaar...
stored 1939 price points
[2026-07-31T21:45:00.829Z] fetching bazaar...
stored 1939 price points
[2026-07-31T21:50:00.899Z] fetching bazaar...
stored 1939 price points
[2026-07-31T22:20:00.872Z] fetching bazaar...
stored 1939 price points
[2026-07-31T22:25:01.000Z] fetching bazaar...
stored 1939 price points
[2026-07-31T22:30:00.044Z] fetching bazaar...
stored 1939 price points
[2026-07-31T22:40:00.973Z] fetching bazaar...
stored 1939 price points
[2026-07-31T22:45:00.469Z] fetching bazaar...
stored 1939 price points
[2026-07-31T22:50:00.528Z] fetching bazaar...
stored 1939 price points
[2026-07-31T22:55:00.842Z] fetching bazaar...
stored 1939 price points
[2026-07-31T23:00:00.452Z] fetching bazaar...
stored 1939 price points
[2026-07-31T23:05:00.702Z] fetching bazaar...
stored 1939 price points
[2026-07-31T23:10:00.860Z] fetching bazaar...
stored 1939 price points
[2026-07-31T23:15:00.505Z] fetching bazaar...
stored 1939 price points
[2026-07-31T23:20:00.640Z] fetching bazaar...
stored 1939 price points
[2026-07-31T23:25:00.769Z] fetching bazaar...
stored 1939 price points
[2026-07-31T23:30:00.668Z] fetching bazaar...
stored 1939 price points
[2026-07-31T23:35:00.733Z] fetching bazaar...
stored 1939 price points
[2026-07-31T23:45:00.755Z] fetching bazaar...
stored 1939 price points
[2026-07-31T23:50:00.448Z] fetching bazaar...
stored 1939 price points
[2026-07-31T23:55:00.825Z] fetching bazaar...
stored 1939 price points
[2026-08-01T00:00:00.069Z] fetching bazaar...
stored 1939 price points
[2026-08-01T00:05:00.930Z] fetching bazaar...
stored 1939 price points
[2026-08-01T01:40:00.202Z] fetching bazaar...
stored 1939 price points
[2026-08-01T08:55:00.857Z] fetching bazaar...
stored 1939 price points
[2026-08-01T09:00:00.988Z] fetching bazaar...
stored 1939 price points
[2026-08-01T09:05:00.953Z] fetching bazaar...
stored 1939 price points
[2026-08-01T09:10:00.840Z] fetching bazaar...
stored 1939 price points
[2026-08-01T09:15:00.078Z] fetching bazaar...
stored 1939 price points
[2026-08-01T09:20:00.275Z] fetching bazaar...
stored 1939 price points
[2026-08-01T09:25:00.978Z] fetching bazaar...
stored 1939 price points
[2026-08-01T09:30:00.735Z] fetching bazaar...
stored 1939 price points
[2026-08-01T09:35:00.928Z] fetching bazaar...
stored 1939 price points
[2026-08-01T09:40:00.921Z] fetching bazaar...
stored 1939 price points
[2026-08-01T09:45:00.066Z] fetching bazaar...
stored 1939 price points
[2026-08-01T09:50:00.225Z] fetching bazaar...
stored 1939 price points
[2026-08-01T09:55:00.177Z] fetching bazaar...
stored 1939 price points
[2026-08-01T10:00:00.285Z] fetching bazaar...
stored 1939 price points
[2026-08-01T10:05:00.273Z] fetching bazaar...
stored 1939 price points
[2026-08-01T10:10:00.384Z] fetching bazaar...
stored 1939 price points
[2026-08-01T10:15:00.526Z] fetching bazaar...
stored 1939 price points
[2026-08-01T10:20:00.584Z] fetching bazaar...
stored 1939 price points
[2026-08-01T10:25:00.760Z] fetching bazaar...
stored 1939 price points
[2026-08-01T10:30:00.821Z] fetching bazaar...
stored 1939 price points
[2026-08-01T10:35:00.820Z] fetching bazaar...
stored 1939 price points
[2026-08-01T10:40:00.282Z] fetching bazaar...
stored 1939 price points
[2026-08-01T10:45:00.499Z] fetching bazaar...
stored 1939 price points
[2026-08-01T10:50:00.637Z] fetching bazaar...
stored 1939 price points
[2026-08-01T10:55:00.123Z] fetching bazaar...
stored 1939 price points
[2026-08-01T11:00:00.139Z] fetching bazaar...
stored 1939 price points
[2026-08-01T11:05:00.271Z] fetching bazaar...
stored 1939 price points
[2026-08-01T11:10:00.339Z] fetching bazaar...
stored 1939 price points
[2026-08-01T11:15:00.295Z] fetching bazaar...
stored 1939 price points
[2026-08-01T11:20:00.417Z] fetching bazaar...
stored 1939 price points
[2026-08-01T11:25:00.194Z] fetching bazaar...
stored 1939 price points
[2026-08-01T11:30:00.089Z] fetching bazaar...
stored 1939 price points
[2026-08-01T11:45:00.029Z] fetching bazaar...
stored 1939 price points
[2026-08-01T11:50:00.096Z] fetching bazaar...
stored 1939 price points
[2026-08-01T11:55:00.170Z] fetching bazaar...
stored 1939 price points
[2026-08-01T12:00:00.148Z] fetching bazaar...
stored 1939 price points
[2026-08-01T12:05:00.254Z] fetching bazaar...
stored 1939 price points
[2026-08-01T12:10:00.367Z] fetching bazaar...
stored 1939 price points
[2026-08-01T12:15:00.317Z] fetching bazaar...
stored 1939 price points
[2026-08-01T12:20:00.829Z] fetching bazaar...
stored 1939 price points
[2026-08-01T12:25:00.532Z] fetching bazaar...
stored 1939 price points
[2026-08-01T12:30:00.280Z] fetching bazaar...
stored 1939 price points
[2026-08-01T12:35:00.984Z] fetching bazaar...
stored 1939 price points
[2026-08-01T12:40:00.642Z] fetching bazaar...
stored 1939 price points
[2026-08-01T12:45:00.569Z] fetching bazaar...
stored 1939 price points
[2026-08-01T13:25:00.419Z] fetching bazaar...
[2026-08-01T14:55:00.521Z] fetching bazaar...
stored 1939 price points
[2026-08-01T15:00:00.367Z] fetching bazaar...
stored 1939 price points
[2026-08-01T15:05:00.714Z] fetching bazaar...
stored 1939 price points
[2026-08-01T15:10:00.644Z] fetching bazaar...
stored 1939 price points
stored 1939 price points
[2026-08-01T12:35:00.818Z] fetching bazaar...
stored 1939 price points
[2026-08-01T12:45:00.148Z] fetching bazaar...
stored 1939 price points
[2026-08-01T13:25:00.437Z] fetching bazaar...
bazaar fetch failed: fetch failed
[2026-08-01T14:55:00.520Z] fetching bazaar...
stored 1939 price points
[2026-08-01T15:00:00.399Z] fetching bazaar...
stored 1939 price points
[2026-08-01T15:05:00.961Z] fetching bazaar...
stored 1939 price points
[2026-08-01T15:10:00.071Z] fetching b[2026-08-stored 1939 price points
g bazaar...
stored 1939 price points
